asdf
autopep8
avfs
bazel
bbl
bfg
blackbox
bottom
broot
browsh
btop
buildozer
bun
calicoctl
cask
catimg
ccat
certbot
cf-cli
cfssl
chafa
chart-releaser
checkov
chpharos
chrome-cli
clusterctl
coffeescript
colordiff
commitizen
consul-template
cookiecutter
crane
credhub-cli
cruft
csvkit
ctags
dagger
dark-mode
datree
dep
direnv
displayplacer
entr
exif
exiftool
faq
fd
fff
ffmpegthumbnailer
figlet
fluxctl
font-symbols-only-nerd-font
fq
fx
gardenctl
gawk
gcal
gh
gifsicle
glab
glow
go-boring
go-jira
gofumpt
goimports
golangci-lint
golangci-lint-langserver
gomplate
gopls
goreleaser
gotags
govc
gpatch
graphicsmagick
graphviz
grc
grex
gron
groovy
gs
gum
hab
hadolint
helix
helm-docs
helm-ls
helmenv
helmfile
helmify
helmsman
highlight
homeport/tap/dyff
htop
httpie
httpstat
hub
hyperfine
hyperkit
iam-policy-json-to-terraform
imagemagick
imgpkg
inframap
inlets
ipcalc
iproute2mac
jc
jid
jj
jql
jruby
jsmin
jsonnet
jsonnet-bundler
jwt-cli
kwt
lab
lazydocker
lazygit
legit
lesspipe
lf
libmagic
libressl
libsecret
lima
llvm
lsd
lua-language-server
maccy
markdownlint-cli
mas
mercurial
microk8s
minikube
mix-completion
mockery
monolith
mtr
multitail
ncdu
neardrop
neofetch
ngrep
nmap
node
nushell
openshift-cli
openssl
operator-sdk
oras
orbstack
oslo
packer
pam-reattach
pdsh
peco
pet
pip-completion
pipenv
pipx
pkgx
pluto
popeye
poppler
pre-commit
prettyping
procs
protobuf
pssh
pstree
pt
pulumi
pv
rake-completion
rbenv
reattach-to-user-namespace
remarshal
rename
ripsecrets
rke
rm-improved
rollup
ruby-completion
rush-parallel
s3cmd
samba
sampler
scrcpy
sd
shellcheck
shfmt
siege
sipcalc
skaffold
skhd
skopeo
sloth-cli
socat
sops
source-highlight
speedtest-cli
sq
sql-language-server
starship
stern
sunbeam
superfile
svn
svu
tanka
tcptraceroute
tealdeer
telepresence
terrafile
terraform-docs
terraform-inventory
terraform-ls
terraform_landscape
terraformer
terragrunt
terrascan
tfk8s
tflint
tfsec
tfswitch
the_silver_searcher
thefuck
tig
tilt
toast
toilet
tokei
topgrade
tree
ttyd
ttyplot
tubekit
ufraw
unar
unzip
updatecli
vagrant-completion
vault
vegeta
vendir
vim
viu
w3m
watch
wdiff
xh
xhyve
yabai
yaml-language-server
yamllint
yazi
ydiff
ytt
zoxide
