# awless
# bats
# bosh-cli
# bosh-init
# chunkwm
# chunkwm-blur
# docker-completion
# docker-compose-completion
# gotty
# grv
# helm
# kubernetes-cli
# macvim
# rust
# telnet
# tldr
# uutils-coreutils
# godep
1password
1password-cli
ack
age
ansible
ansible-lint
archivemount
asciidoctor
asciinema
asdf
autopep8
avfs
aws-iam-authenticator
aws-session-manager-plugin
aws-shell
awscli
awsume
azure-cli
bandwhich
bash
bash-completion@2
bat
bat-extras
bats-core
bbl
bfg
binutils
blackbox
bottom
brew-cask-completion
brew-pip
broot
browsh
btop
calicoctl
cask
catimg
ccat
certbot
cf-cli
cfssl
chafa
chart-releaser
checkov
chpharos
chrome-cli
cmake
coffeescript
colima
colordiff
commitizen
consul-template
cookiecutter
coreutils
crane
credhub-cli
cruft
csvkit
ctags
curl
dagger
dark-mode
dateutils
datree
dep
devspace
direnv
displayplacer
dive
dnscrypt-proxy
docker
docker-buildx
docker-compose
docker-credential-helper
docker-ls
docker-slim
dog
dos2unix
dust
ec2-ami-tools
ec2-api-tools
ec2-instance-selector
ec2-metadata-mock
egison
eksctl
elktail
entr
exa
exif
exiftool
faq
fd
fff
ffmpegthumbnailer
figlet
findutils
fluxctl
fq
fx
fzf
gardenctl
gawk
gcal
gh
gifsicle
git
git-chglog
git-delta
git-extras
git-quick-stats
git-secret
git-secrets
glab
glow
gnu-getopt
gnu-sed
gnu-tar
gnu-time
go-boring
go-jira
golang
golangci-lint
goreleaser
gotags
govc
gpatch
graphicsmagick
graphviz
grc
grex
gron
groovy
gum
hab
hadolint
helix
helix
helm-docs
helm-ls
helmenv
helmfile
helmify
helmsman
highlight
homeport/tap/dyff
htop
httpie
httpstat
hub
hyperfine
hyperkit
iam-policy-json-to-terraform
imagemagick
imgpkg
inetutils
inframap
inlets
ipcalc
iproute2mac
jc
jid
jj
jq
jql
jruby
jsmin
jsonnet
jsonnet-bundler
jwt-cli
k3d
k6
k9s
kakoune
kapp
kbenv
kbld
kdash
kind
kompose
kops
krr
kube-aws
kubebuilder
kubeconform
kubectx
kubeval
kustomize
kwt
lab
lazydocker
legit
lesspipe
lf
libmagic
libressl
libsecret
lima
llvm
lsd
make
markdownlint-cli
mas
mercurial
microk8s
minikube
mix-completion
mockery
monolith
moreutils
mtr
multitail
ncdu
neofetch
neovim
ngrep
nmap
node
nushell
openshift-cli
openssl
operator-sdk
oras
p7zip
packer
pam-reattach
patchutils
pdsh
peco
pet
pip-completion
pipenv
pipx
pkgx
pluto
popeye
poppler
pre-commit
prettyping
procs
protobuf
pssh
pstree
pt
pulumi
pv
pyenv
pyenv-virtualenv
python
rake-completion
rancher-cli
ranger
rbac-lookup
rbenv
readline
reattach-to-user-namespace
remarshal
rename
ripgrep
ripsecrets
rke
rm-improved
rollup
ruby-completion
rush-parallel
s3cmd
samba
sampler
scrcpy
sd
shellcheck
siege
sipcalc
skaffold
skhd
skopeo
socat
sops
source-highlight
speedtest-cli
starship
stern
svn
svu
tanka
tcptraceroute
tealdeer
telepresence
terrafile
terraform
terraform-docs
terraform-inventory
terraform-ls
terraform_landscape
terraformer
terragrunt
terrascan
tfk8s
tflint
tfsec
the_silver_searcher
thefuck
tig
tmux
tmux-xpanes
toast
toilet
tokei
topgrade
tree
ttyd
ttyplot
tubekit
ufraw
unar
unzip
updatecli
vagrant-completion
vault
vegeta
vendir
vim
viu
w3m
watch
wdiff
wget
whois
xh
xhyve
yabai
yamllint
yarn
yarn-completion
yazi
ydiff
yq
ytt
zoxide
zsh
zsh-completions
