ack-grep
amber
ambr
ambs
apt
arj
asciinema
atool
attr
autoconf
automake
bash
bash-completion
bat
bc
binutils
binutils-gold
binutils-libs
bison
boost
build-essential
busybox
bzip2
c-ares
ca-certificates
clang
cmake
colordiff
command-not-found
coreutils
cpio
ctags
curl
dash
debianutils
dialog
diffutils
dnsutils
dos2unix
dpkg
dust
ed
exa
fd
file
findutils
flex
fontconfig
freetype
fzf
gawk
gdbm
gdk-pixbuf
gettext
gh
ghc-libs
giflib
git
git-delta
glib
glow
gnupg
golang
gperf
gpgv
grep
groff
gzip
haskell-aeson
haskell-assoc
haskell-attoparsec
haskell-base-compat
haskell-base-compat-batteries
haskell-base-orphans
haskell-bifunctors
haskell-comonad
haskell-contravariant
haskell-data-fix
haskell-diff
haskell-distributive
haskell-dlist
haskell-hashable
haskell-indexed-traversable
haskell-indexed-traversable-instances
haskell-integer-logarithms
haskell-onetuple
haskell-primitive
haskell-quickcheck
haskell-random
haskell-regex-base
haskell-regex-tdfa
haskell-scientific
haskell-semialign
haskell-semigroupoids
haskell-splitmix
haskell-statevar
haskell-strict
haskell-tagged
haskell-text-short
haskell-th-abstraction
haskell-these
haskell-time-compat
haskell-transformers-compat
haskell-unordered-containers
haskell-uuid-types
haskell-vector
haskell-witherable
helm
hors
htop-legacy
iconv
icu-devtools
inetutils
jq
jsoncpp
k9s
kakoune
krb5
kubectl
kubelogin
ldns
less
lhasa
libandroid-glob
libandroid-posix-semaphore
libandroid-spawn
libandroid-support
libarchive
libassuan
libbsd
libbz2
libc++
libcap
libcap-ng
libcompiler-rt
libcroco
libcrypt
libcurl
libdb
libedit
libevent
libexpat
libffi
libgc
libgcrypt
libgd
libgit2
libgmp
libgnutls
libgpg-error
libice
libiconv
libicu
libicu-static
libidn
libidn2
libjansson
libjpeg-turbo
libksba
libllvm
libltdl
liblua53
libluajit
liblz4
liblzma
liblzo
libmd
libmpfr
libmsgpack
libnettle
libnghttp2
libnpth
libpcap
libpng
libprotobuf
libresolv-wrapper
libsixel
libsqlite
libssh2
libtalloc
libtermkey
libtiff
libtirpc
libtool
libtreesitter
libunibilium
libunistring
libuuid
libuv
libvterm
libwebp
libxml2
libyaml
lld
llvm
lsof
luv
lzip
lzop
m4
make
man
mlocate
mosh
multitail
nano
ncdu
ncurses
ncurses-ui-libs
ncurses-utils
ndk-sysroot
neofetch
neovim
net-tools
netcat-openbsd
nmap
nmap-ncat
nodejs-lts
oniguruma
openssh
openssh-sftp-server
openssl
openssl-1.1
openssl-tool
p7zip
parallel
patch
pcre
pcre2
perl
pinentry
pkg-config
procps
proot
psmisc
pv
python
python-cryptography
python2
ranger
readline
resolv-conf
rhash
ripgrep
ruby
runit
rust
screenfetch
sed
shellcheck
silversearcher-ag
starship
tar
termux-am
termux-am-socket
termux-api
termux-auth
termux-elf-cleaner
termux-exec
termux-keyring
termux-licenses
termux-services
termux-tools
tmux
tracepath
tree
tsu
ttf-dejavu
unbound
unrar
unzip
util-linux
vim-python
vim-runtime
w3m
wget
xxhash
xz-utils
yarn
yq
zip
zlib
zsh
zsh-completions
zstd
