# homebrew/cask
# homebrew/core
# reactiveops/tap
FairwindsOps/tap
aws/tap
bazelbuild/tap
browsh-org/homebrew-browsh
buo/cask-upgrade
caarlos0/tap
charmbracelet/tap
chef/chef
cloudfoundry/tap
coretech/terrafile
crisidev/homebrew-chunkwm
datawire/blackbird
derailed/k9s
derailed/popeye
dkanejs/aws-session-manager-plugin
egison/egison
eth-p/software
gardener/tap
git-chglog/git-chglog
golangci/tap
habitat-sh/habitat
hashicorp/tap
helix-editor/helix
helm/tap
homebrew/cask-drivers
homebrew/cask-fonts
homebrew/cask-fonts
homebrew/cask-versions
homebrew/cask-versions
homebrew/command-not-found
homebrew/services
homeport/tap
instrumenta/instrumenta
jakehilborn/jakehilborn
jesseduffield/lazydocker
jzelinskie/faq
knes1/tap
knqyf263/pet
koekeishiya/formulae
komiserio/komiser
kontena/chpharos
kube-score/tap
little-angry-clouds/homebrew-my-brews
microsoft/git
mike-engel/jwt-cli
neovim/neovim
norwoodj/tap
reconquest/tubekit https://github.com/reconquest/tubekit.git
robscott/tap
robusta-dev/homebrew-krr
tidwall/jj
ubuntu/microk8s
universal-ctags/universal-ctags
updatecli/updatecli
vmware-tanzu/carvel
wader/tap
wagoodman/dive
wallix/awless
weaveworks/tap
yudai/gotty
zaquestion/tap
