castwide.solargraph
casualjim.gotemplate
codestream.codestream
davidanson.vscode-markdownlint
dbaeumer.vscode-eslint
dotjoshjohnson.xml
dracula-theme.theme-dracula
dunstontc.viml
eamodio.gitlens
erd0s.terraform-autocomplete
esbenp.prettier-vscode
file-icons.file-icons
formulahendry.code-runner
github.copilot
github.copilot-chat
github.github-vscode-theme
github.vscode-pull-request-github
golang.go
hashicorp.terraform
huizhou.githd
in4margaret.compareit
ipedrazas.kubernetes-snippets
jetmartin.bats
letmaik.git-tree-compare
loganarnett.tf-snippets
magicstack.magicpython
maosantaella.night-wolf
marquesmps.dockerfile-validator
mhutchie.git-graph
mindginative.terraform-snippets
misogi.ruby-rubocop
mrcrowl.hg
ms-azuretools.vscode-docker
ms-kubernetes-tools.vscode-kubernetes-tools
ms-python.debugpy
ms-python.python
ms-python.vscode-pylance
ms-toolsai.jupyter
ms-toolsai.jupyter-keymap
ms-toolsai.jupyter-renderers
ms-toolsai.vscode-jupyter-cell-tags
ms-toolsai.vscode-jupyter-slideshow
ms-vscode-remote.remote-containers
ms-vscode.atom-keybindings
ms-vscode.azurecli
mtxr.sqltools
nhoizey.gremlins
p1c2u.docker-compose
redhat.vscode-yaml
ryu1kn.partial-diff
shopify.ruby-lsp
swjh.base16-leaf-tomorrow-vscode
thomas-baumgaertner.vcl
vscode-icons-team.vscode-icons
vscodevim.vim
zhuangtongfa.material-theme
